0 verbose cli C:\Program Files\nodejs\node.exe C:\Program Files\nodejs\node_modules\npm\bin\npm-cli.js
1 info using npm@10.9.2
2 info using node@v22.14.0
3 silly config load:file:C:\Program Files\nodejs\node_modules\npm\npmrc
4 silly config load:file:E:\grocery-delivery\backend\.npmrc
5 silly config load:file:C:\Users\HP\.npmrc
6 silly config load:file:E:\grocery-delivery\backend\.npm-global\etc\npmrc
7 verbose title npm install compression
8 verbose argv "install" "compression"
9 verbose logfile logs-max:10 dir:E:\grocery-delivery\backend\.npm-cache\_logs\2026-08-30T11_45_27_156Z-
10 verbose logfile E:\grocery-delivery\backend\.npm-cache\_logs\2026-08-30T11_45_27_156Z-debug-0.log
11 silly logfile done cleaning log files
12 silly packumentCache heap:2197815296 maxSize:549453824 maxEntrySize:274726912
13 silly idealTree buildDeps
14 silly fetch manifest compression@*
15 silly packumentCache full:https://registry.npmjs.org/compression cache-miss
16 http fetch GET 200 https://registry.npmjs.org/compression 390ms (cache miss)
17 silly packumentCache full:https://registry.npmjs.org/compression set size:undefined disposed:false
18 silly placeDep ROOT compression@1.8.1 OK for: mf-dari-grocery-backend@1.0.0 want: *
19 silly fetch manifest negotiator@~0.6.4
20 silly packumentCache full:https://registry.npmjs.org/negotiator cache-miss
21 silly fetch manifest on-headers@~1.1.0
22 silly packumentCache full:https://registry.npmjs.org/on-headers cache-miss
23 silly fetch manifest compressible@~2.0.18
24 silly packumentCache full:https://registry.npmjs.org/compressible cache-miss
25 http fetch GET 200 https://registry.npmjs.org/on-headers 86ms (cache miss)
26 silly packumentCache full:https://registry.npmjs.org/on-headers set size:undefined disposed:false
27 http fetch GET 200 https://registry.npmjs.org/negotiator 234ms (cache revalidated)
28 silly packumentCache full:https://registry.npmjs.org/negotiator set size:56148 disposed:false
29 http fetch GET 200 https://registry.npmjs.org/compressible 246ms (cache miss)
30 silly packumentCache full:https://registry.npmjs.org/compressible set size:undefined disposed:false
31 silly placeDep ROOT compressible@2.0.18 OK for: compression@1.8.1 want: ~2.0.18
32 silly placeDep node_modules/compression negotiator@0.6.4 OK for: compression@1.8.1 want: ~0.6.4
33 silly placeDep ROOT on-headers@1.1.0 OK for: compression@1.8.1 want: ~1.1.0
34 silly reify moves {}
35 silly audit bulk request {
35 silly audit   '@mongodb-js/saslprep': [ '1.5.0' ],
35 silly audit   '@socket.io/component-emitter': [ '3.1.2' ],
35 silly audit   '@types/cors': [ '2.8.19' ],
35 silly audit   '@types/node': [ '26.4.0' ],
35 silly audit   '@types/webidl-conversions': [ '7.0.3' ],
35 silly audit   '@types/whatwg-url': [ '11.0.5' ],
35 silly audit   '@types/ws': [ '8.18.1' ],
35 silly audit   accepts: [ '1.3.8' ],
35 silly audit   anymatch: [ '3.1.3' ],
35 silly audit   'array-flatten': [ '1.1.1' ],
35 silly audit   'balanced-match': [ '4.0.4' ],
35 silly audit   base64id: [ '2.0.0' ],
35 silly audit   'binary-extensions': [ '2.3.0' ],
35 silly audit   'body-parser': [ '1.20.6' ],
35 silly audit   'brace-expansion': [ '5.0.9' ],
35 silly audit   braces: [ '3.0.3' ],
35 silly audit   bson: [ '6.10.4' ],
35 silly audit   bytes: [ '3.1.2' ],
35 silly audit   'call-bind-apply-helpers': [ '1.0.2' ],
35 silly audit   'call-bound': [ '1.0.4' ],
35 silly audit   chokidar: [ '3.6.0' ],
35 silly audit   'content-disposition': [ '0.5.4' ],
35 silly audit   'content-type': [ '1.0.5' ],
35 silly audit   cookie: [ '0.7.2' ],
35 silly audit   'cookie-signature': [ '1.0.7' ],
35 silly audit   cors: [ '2.8.6' ],
35 silly audit   debug: [ '2.6.9', '4.4.3' ],
35 silly audit   depd: [ '2.0.0' ],
35 silly audit   destroy: [ '1.2.0' ],
35 silly audit   dotenv: [ '16.6.1' ],
35 silly audit   'dunder-proto': [ '1.0.1' ],
35 silly audit   'ee-first': [ '1.1.1' ],
35 silly audit   encodeurl: [ '2.0.0' ],
35 silly audit   'engine.io': [ '6.6.9' ],
35 silly audit   'engine.io-parser': [ '5.2.3' ],
35 silly audit   ms: [ '2.1.3', '2.0.0' ],
35 silly audit   'es-define-property': [ '1.0.1' ],
35 silly audit   'es-errors': [ '1.3.0' ],
35 silly audit   'es-object-atoms': [ '1.1.2' ],
35 silly audit   'escape-html': [ '1.0.3' ],
35 silly audit   etag: [ '1.8.1' ],
35 silly audit   express: [ '4.22.2' ],
35 silly audit   'fill-range': [ '7.1.1' ],
35 silly audit   finalhandler: [ '1.3.2' ],
35 silly audit   forwarded: [ '0.2.0' ],
35 silly audit   fresh: [ '0.5.2' ],
35 silly audit   fsevents: [ '2.3.3' ],
35 silly audit   'function-bind': [ '1.1.2' ],
35 silly audit   'get-intrinsic': [ '1.3.0' ],
35 silly audit   'get-proto': [ '1.0.1' ],
35 silly audit   'glob-parent': [ '5.1.2' ],
35 silly audit   gopd: [ '1.2.0' ],
35 silly audit   'has-flag': [ '3.0.0' ],
35 silly audit   'has-symbols': [ '1.1.0' ],
35 silly audit   hasown: [ '2.0.4' ],
35 silly audit   'http-errors': [ '2.0.1' ],
35 silly audit   'iconv-lite': [ '0.4.24' ],
35 silly audit   'ignore-by-default': [ '1.0.1' ],
35 silly audit   inherits: [ '2.0.4' ],
35 silly audit   'ipaddr.js': [ '1.9.1' ],
35 silly audit   'is-binary-path': [ '2.1.0' ],
35 silly audit   'is-extglob': [ '2.1.1' ],
35 silly audit   'is-glob': [ '4.0.3' ],
35 silly audit   'is-number': [ '7.0.0' ],
35 silly audit   kareem: [ '2.6.3' ],
35 silly audit   'math-intrinsics': [ '1.1.0' ],
35 silly audit   'media-typer': [ '0.3.0' ],
35 silly audit   'memory-pager': [ '1.5.0' ],
35 silly audit   'merge-descriptors': [ '1.0.3' ],
35 silly audit   methods: [ '1.1.2' ],
35 silly audit   mime: [ '1.6.0' ],
35 silly audit   'mime-db': [ '1.52.0' ],
35 silly audit   'mime-types': [ '2.1.35' ],
35 silly audit   minimatch: [ '10.2.6' ],
35 silly audit   mongodb: [ '6.20.0' ],
35 silly audit   'mongodb-connection-string-url': [ '3.0.2' ],
35 silly audit   mongoose: [ '8.24.4' ],
35 silly audit   mpath: [ '0.9.0' ],
35 silly audit   mquery: [ '5.0.0' ],
35 silly audit   negotiator: [ '0.6.3', '0.6.4' ],
35 silly audit   nodemon: [ '3.1.14' ],
35 silly audit   'normalize-path': [ '3.0.0' ],
35 silly audit   'object-assign': [ '4.1.1' ],
35 silly audit   'object-inspect': [ '1.13.4' ],
35 silly audit   'on-finished': [ '2.4.1' ],
35 silly audit   parseurl: [ '1.3.3' ],
35 silly audit   'path-to-regexp': [ '0.1.13' ],
35 silly audit   picomatch: [ '2.3.2' ],
35 silly audit   'proxy-addr': [ '2.0.7' ],
35 silly audit   'pstree.remy': [ '1.1.8' ],
35 silly audit   punycode: [ '2.3.1' ],
35 silly audit   qs: [ '6.15.3' ],
35 silly audit   'range-parser': [ '1.2.1' ],
35 silly audit   'raw-body': [ '2.5.3' ],
35 silly audit   readdirp: [ '3.6.0' ],
35 silly audit   'safe-buffer': [ '5.2.1' ],
35 silly audit   'safer-buffer': [ '2.1.2' ],
35 silly audit   semver: [ '7.8.5' ],
35 silly audit   send: [ '0.19.2' ],
35 silly audit   'serve-static': [ '1.16.3' ],
35 silly audit   setprototypeof: [ '1.2.0' ],
35 silly audit   'side-channel': [ '1.1.1' ],
35 silly audit   'side-channel-list': [ '1.0.1' ],
35 silly audit   'side-channel-map': [ '1.0.1' ],
35 silly audit   'side-channel-weakmap': [ '1.0.2' ],
35 silly audit   sift: [ '17.1.3' ],
35 silly audit   'simple-update-notifier': [ '2.0.0' ],
35 silly audit   'socket.io': [ '4.8.3' ],
35 silly audit   'socket.io-adapter': [ '2.5.8' ],
35 silly audit   'socket.io-parser': [ '4.2.7' ],
35 silly audit   'sparse-bitfield': [ '3.0.3' ],
35 silly audit   statuses: [ '2.0.2' ],
35 silly audit   'supports-color': [ '5.5.0' ],
35 silly audit   'to-regex-range': [ '5.0.1' ],
35 silly audit   toidentifier: [ '1.0.1' ],
35 silly audit   touch: [ '3.1.1' ],
35 silly audit   tr46: [ '5.1.1' ],
35 silly audit   'type-is': [ '1.6.18' ],
35 silly audit   undefsafe: [ '2.0.5' ],
35 silly audit   'undici-types': [ '8.3.0' ],
35 silly audit   unpipe: [ '1.0.0' ],
35 silly audit   'utils-merge': [ '1.0.1' ],
35 silly audit   vary: [ '1.1.2' ],
35 silly audit   'webidl-conversions': [ '7.0.0' ],
35 silly audit   'whatwg-url': [ '14.2.0' ],
35 silly audit   ws: [ '8.21.3' ],
35 silly audit   compression: [ '1.8.1' ],
35 silly audit   compressible: [ '2.0.18' ],
35 silly audit   'on-headers': [ '1.1.0' ]
35 silly audit }
36 verbose reify failed optional dependency E:\grocery-delivery\backend\node_modules\fsevents
37 silly reify mark deleted [ 'E:\\grocery-delivery\\backend\\node_modules\\fsevents' ]
38 http cache on-headers@https://registry.npmjs.org/on-headers/-/on-headers-1.1.0.tgz 0ms (cache hit)
39 http cache negotiator@https://registry.npmjs.org/negotiator/-/negotiator-0.6.4.tgz 0ms (cache hit)
40 http cache compressible@https://registry.npmjs.org/compressible/-/compressible-2.0.18.tgz 1ms (cache hit)
41 silly tarball no local data for on-headers@https://registry.npmjs.org/on-headers/-/on-headers-1.1.0.tgz. Extracting by manifest.
42 silly tarball no local data for negotiator@https://registry.npmjs.org/negotiator/-/negotiator-0.6.4.tgz. Extracting by manifest.
43 http cache compression@https://registry.npmjs.org/compression/-/compression-1.8.1.tgz 0ms (cache hit)
44 silly tarball no local data for compressible@https://registry.npmjs.org/compressible/-/compressible-2.0.18.tgz. Extracting by manifest.
45 silly tarball no local data for compression@https://registry.npmjs.org/compression/-/compression-1.8.1.tgz. Extracting by manifest.
46 http fetch GET 200 https://registry.npmjs.org/on-headers/-/on-headers-1.1.0.tgz 217ms (cache miss)
47 http fetch GET 200 https://registry.npmjs.org/negotiator/-/negotiator-0.6.4.tgz 251ms (cache miss)
48 http fetch POST 200 https://registry.npmjs.org/-/npm/v1/security/advisories/bulk 297ms
49 silly audit report {}
50 http fetch GET 200 https://registry.npmjs.org/compressible/-/compressible-2.0.18.tgz 283ms (cache miss)
51 http fetch GET 200 https://registry.npmjs.org/compression/-/compression-1.8.1.tgz 332ms (cache miss)
52 silly ADD node_modules/on-headers
53 silly ADD node_modules/compressible
54 silly ADD node_modules/compression
55 silly ADD node_modules/compression/node_modules/negotiator
56 silly ADD
57 verbose cwd E:\grocery-delivery\backend
58 verbose os Windows_NT 10.0.26200
59 verbose node v22.14.0
60 verbose npm  v10.9.2
61 verbose exit 0
62 info ok
