0 verbose cli C:\Program Files\nodejs\node.exe C:\Program Files\nodejs\node_modules\npm\bin\npm-cli.js
1 info using npm@10.9.2
2 info using node@v22.14.0
3 silly config load:file:C:\Program Files\nodejs\node_modules\npm\npmrc
4 silly config load:file:E:\grocery-delivery\backend\.npmrc
5 silly config load:file:C:\Users\HP\.npmrc
6 silly config load:file:E:\grocery-delivery\backend\.npm-global\etc\npmrc
7 verbose title npm install bcrypt
8 verbose argv "install" "bcrypt"
9 verbose logfile logs-max:10 dir:E:\grocery-delivery\backend\.npm-cache\_logs\2026-09-05T05_51_26_452Z-
10 verbose logfile E:\grocery-delivery\backend\.npm-cache\_logs\2026-09-05T05_51_26_452Z-debug-0.log
11 silly logfile start cleaning logs, removing 1 files
12 silly packumentCache heap:2197815296 maxSize:549453824 maxEntrySize:274726912
13 silly logfile done cleaning log files
14 silly idealTree buildDeps
15 silly fetch manifest bcrypt@*
16 silly packumentCache full:https://registry.npmjs.org/bcrypt cache-miss
17 http fetch GET 200 https://registry.npmjs.org/bcrypt 656ms (cache miss)
18 silly packumentCache full:https://registry.npmjs.org/bcrypt set size:undefined disposed:false
19 silly placeDep ROOT bcrypt@6.0.0 OK for: mf-dari-grocery-backend@1.0.0 want: *
20 silly fetch manifest node-addon-api@^8.3.0
21 silly packumentCache full:https://registry.npmjs.org/node-addon-api cache-miss
22 silly fetch manifest node-gyp-build@^4.8.4
23 silly packumentCache full:https://registry.npmjs.org/node-gyp-build cache-miss
24 http fetch GET 200 https://registry.npmjs.org/node-addon-api 101ms (cache miss)
25 silly packumentCache full:https://registry.npmjs.org/node-addon-api set size:undefined disposed:false
26 http fetch GET 200 https://registry.npmjs.org/node-gyp-build 538ms (cache miss)
27 silly packumentCache full:https://registry.npmjs.org/node-gyp-build set size:undefined disposed:false
28 silly placeDep ROOT node-addon-api@8.9.2 OK for: bcrypt@6.0.0 want: ^8.3.0
29 silly placeDep ROOT node-gyp-build@4.8.4 OK for: bcrypt@6.0.0 want: ^4.8.4
30 silly reify moves {}
31 silly audit bulk request {
31 silly audit   '@mongodb-js/saslprep': [ '1.5.0' ],
31 silly audit   '@socket.io/component-emitter': [ '3.1.2' ],
31 silly audit   '@types/cors': [ '2.8.19' ],
31 silly audit   '@types/node': [ '26.4.0' ],
31 silly audit   '@types/webidl-conversions': [ '7.0.3' ],
31 silly audit   '@types/whatwg-url': [ '13.0.0', '11.0.5' ],
31 silly audit   '@types/ws': [ '8.18.1' ],
31 silly audit   accepts: [ '1.3.8' ],
31 silly audit   anymatch: [ '3.1.3' ],
31 silly audit   'append-field': [ '1.0.0' ],
31 silly audit   'array-flatten': [ '1.1.1' ],
31 silly audit   'balanced-match': [ '4.0.4' ],
31 silly audit   base64id: [ '2.0.0' ],
31 silly audit   'binary-extensions': [ '2.3.0' ],
31 silly audit   'body-parser': [ '1.20.6' ],
31 silly audit   'brace-expansion': [ '5.0.9' ],
31 silly audit   braces: [ '3.0.3' ],
31 silly audit   bson: [ '6.10.4', '7.3.2' ],
31 silly audit   'buffer-from': [ '1.1.2' ],
31 silly audit   busboy: [ '1.6.0' ],
31 silly audit   bytes: [ '3.1.2' ],
31 silly audit   'call-bind-apply-helpers': [ '1.0.2' ],
31 silly audit   'call-bound': [ '1.0.4' ],
31 silly audit   chokidar: [ '3.6.0' ],
31 silly audit   cloudinary: [ '2.11.0' ],
31 silly audit   compressible: [ '2.0.18' ],
31 silly audit   compression: [ '1.8.1' ],
31 silly audit   negotiator: [ '0.6.4', '0.6.3' ],
31 silly audit   'concat-stream': [ '2.0.0' ],
31 silly audit   'content-disposition': [ '0.5.4' ],
31 silly audit   'content-type': [ '1.0.5' ],
31 silly audit   cookie: [ '0.7.2' ],
31 silly audit   'cookie-signature': [ '1.0.7' ],
31 silly audit   cors: [ '2.8.6' ],
31 silly audit   debug: [ '2.6.9', '4.4.3' ],
31 silly audit   depd: [ '2.0.0' ],
31 silly audit   destroy: [ '1.2.0' ],
31 silly audit   dotenv: [ '16.6.1' ],
31 silly audit   'dunder-proto': [ '1.0.1' ],
31 silly audit   'ee-first': [ '1.1.1' ],
31 silly audit   encodeurl: [ '2.0.0' ],
31 silly audit   'engine.io': [ '6.6.9' ],
31 silly audit   'engine.io-parser': [ '5.2.3' ],
31 silly audit   ms: [ '2.1.3', '2.0.0' ],
31 silly audit   'es-define-property': [ '1.0.1' ],
31 silly audit   'es-errors': [ '1.3.0' ],
31 silly audit   'es-object-atoms': [ '1.1.2' ],
31 silly audit   'escape-html': [ '1.0.3' ],
31 silly audit   etag: [ '1.8.1' ],
31 silly audit   express: [ '4.22.2' ],
31 silly audit   'fill-range': [ '7.1.1' ],
31 silly audit   finalhandler: [ '1.3.2' ],
31 silly audit   forwarded: [ '0.2.0' ],
31 silly audit   fresh: [ '0.5.2' ],
31 silly audit   fsevents: [ '2.3.3' ],
31 silly audit   'function-bind': [ '1.1.2' ],
31 silly audit   'get-intrinsic': [ '1.3.0' ],
31 silly audit   'get-proto': [ '1.0.1' ],
31 silly audit   'glob-parent': [ '5.1.2' ],
31 silly audit   gopd: [ '1.2.0' ],
31 silly audit   'has-flag': [ '3.0.0' ],
31 silly audit   'has-symbols': [ '1.1.0' ],
31 silly audit   hasown: [ '2.0.4' ],
31 silly audit   'http-errors': [ '2.0.1' ],
31 silly audit   'iconv-lite': [ '0.4.24' ],
31 silly audit   'ignore-by-default': [ '1.0.1' ],
31 silly audit   inherits: [ '2.0.4' ],
31 silly audit   'ipaddr.js': [ '1.9.1' ],
31 silly audit   'is-binary-path': [ '2.1.0' ],
31 silly audit   'is-extglob': [ '2.1.1' ],
31 silly audit   'is-glob': [ '4.0.3' ],
31 silly audit   'is-number': [ '7.0.0' ],
31 silly audit   kareem: [ '2.6.3' ],
31 silly audit   lodash: [ '4.18.1' ],
31 silly audit   'math-intrinsics': [ '1.1.0' ],
31 silly audit   'media-typer': [ '0.3.0' ],
31 silly audit   'memory-pager': [ '1.5.0' ],
31 silly audit   'merge-descriptors': [ '1.0.3' ],
31 silly audit   methods: [ '1.1.2' ],
31 silly audit   mime: [ '1.6.0' ],
31 silly audit   'mime-db': [ '1.52.0' ],
31 silly audit   'mime-types': [ '2.1.35' ],
31 silly audit   minimatch: [ '10.2.6' ],
31 silly audit   mongodb: [ '7.6.0', '6.20.0' ],
31 silly audit   'mongodb-connection-string-url': [ '7.0.2', '3.0.2' ],
31 silly audit   mongoose: [ '8.24.4' ],
31 silly audit   mpath: [ '0.9.0' ],
31 silly audit   mquery: [ '5.0.0' ],
31 silly audit   multer: [ '2.3.0' ],
31 silly audit   nodemon: [ '3.1.14' ],
31 silly audit   'normalize-path': [ '3.0.0' ],
31 silly audit   'object-assign': [ '4.1.1' ],
31 silly audit   'object-inspect': [ '1.13.4' ],
31 silly audit   'on-finished': [ '2.4.1' ],
31 silly audit   'on-headers': [ '1.1.0' ],
31 silly audit   parseurl: [ '1.3.3' ],
31 silly audit   'path-to-regexp': [ '0.1.13' ],
31 silly audit   picomatch: [ '2.3.2' ],
31 silly audit   'proxy-addr': [ '2.0.7' ],
31 silly audit   'pstree.remy': [ '1.1.8' ],
31 silly audit   punycode: [ '2.3.1' ],
31 silly audit   qs: [ '6.15.3' ],
31 silly audit   'range-parser': [ '1.2.1' ],
31 silly audit   'raw-body': [ '2.5.3' ],
31 silly audit   'readable-stream': [ '3.6.2' ],
31 silly audit   readdirp: [ '3.6.0' ],
31 silly audit   'safe-buffer': [ '5.2.1' ],
31 silly audit   'safer-buffer': [ '2.1.2' ],
31 silly audit   semver: [ '7.8.5' ],
31 silly audit   send: [ '0.19.2' ],
31 silly audit   'serve-static': [ '1.16.3' ],
31 silly audit   setprototypeof: [ '1.2.0' ],
31 silly audit   'side-channel': [ '1.1.1' ],
31 silly audit   'side-channel-list': [ '1.0.1' ],
31 silly audit   'side-channel-map': [ '1.0.1' ],
31 silly audit   'side-channel-weakmap': [ '1.0.2' ],
31 silly audit   sift: [ '17.1.3' ],
31 silly audit   'simple-update-notifier': [ '2.0.0' ],
31 silly audit   'socket.io': [ '4.8.3' ],
31 silly audit   'socket.io-adapter': [ '2.5.8' ],
31 silly audit   'socket.io-parser': [ '4.2.7' ],
31 silly audit   'sparse-bitfield': [ '3.0.3' ],
31 silly audit   statuses: [ '2.0.2' ],
31 silly audit   streamsearch: [ '1.1.0' ],
31 silly audit   string_decoder: [ '1.3.0' ],
31 silly audit   'supports-color': [ '5.5.0' ],
31 silly audit   'to-regex-range': [ '5.0.1' ],
31 silly audit   toidentifier: [ '1.0.1' ],
31 silly audit   touch: [ '3.1.1' ],
31 silly audit   tr46: [ '5.1.1' ],
31 silly audit   'type-is': [ '1.6.18' ],
31 silly audit   typedarray: [ '0.0.6' ],
31 silly audit   undefsafe: [ '2.0.5' ],
31 silly audit   'undici-types': [ '8.3.0' ],
31 silly audit   unpipe: [ '1.0.0' ],
31 silly audit   'util-deprecate': [ '1.0.2' ],
31 silly audit   'utils-merge': [ '1.0.1' ],
31 silly audit   vary: [ '1.1.2' ],
31 silly audit   'webidl-conversions': [ '7.0.0' ],
31 silly audit   'whatwg-url': [ '14.2.0' ],
31 silly audit   ws: [ '8.21.3' ],
31 silly audit   bcrypt: [ '6.0.0' ],
31 silly audit   'node-addon-api': [ '8.9.2' ],
31 silly audit   'node-gyp-build': [ '4.8.4' ]
31 silly audit }
32 verbose reify failed optional dependency E:\grocery-delivery\backend\node_modules\fsevents
33 silly reify mark deleted [ 'E:\\grocery-delivery\\backend\\node_modules\\fsevents' ]
34 http cache node-gyp-build@https://registry.npmjs.org/node-gyp-build/-/node-gyp-build-4.8.4.tgz 1ms (cache hit)
35 http cache node-addon-api@https://registry.npmjs.org/node-addon-api/-/node-addon-api-8.9.2.tgz 0ms (cache hit)
36 silly tarball no local data for node-gyp-build@https://registry.npmjs.org/node-gyp-build/-/node-gyp-build-4.8.4.tgz. Extracting by manifest.
37 silly tarball no local data for node-addon-api@https://registry.npmjs.org/node-addon-api/-/node-addon-api-8.9.2.tgz. Extracting by manifest.
38 http cache bcrypt@https://registry.npmjs.org/bcrypt/-/bcrypt-6.0.0.tgz 0ms (cache hit)
39 silly tarball no local data for bcrypt@https://registry.npmjs.org/bcrypt/-/bcrypt-6.0.0.tgz. Extracting by manifest.
40 http fetch GET 200 https://registry.npmjs.org/node-gyp-build/-/node-gyp-build-4.8.4.tgz 146ms (cache miss)
41 http fetch POST 200 https://registry.npmjs.org/-/npm/v1/security/advisories/bulk 308ms
42 silly audit report {
42 silly audit report   qs: [
42 silly audit report     {
42 silly audit report       id: 1158506,
42 silly audit report       url: 'https://github.com/advisories/GHSA-x5fp-wj9c-mxmx',
42 silly audit report       title: 'qs array-limit bypass via bracket-key comma parsing',
42 silly audit report       severity: 'moderate',
42 silly audit report       vulnerable_versions: '>=6.14.2 <=6.15.3',
42 silly audit report       cwe: [Array],
42 silly audit report       cvss: [Object]
42 silly audit report     },
42 silly audit report     {
42 silly audit report       id: 1158507,
42 silly audit report       url: 'https://github.com/advisories/GHSA-4mjr-xmp4-gh2g',
42 silly audit report       title: 'qs: Denial of Service via Attacker Controlled isBuffer',
42 silly audit report       severity: 'moderate',
42 silly audit report       vulnerable_versions: '>=2.2.5 <6.16.0',
42 silly audit report       cwe: [Array],
42 silly audit report       cvss: [Object]
42 silly audit report     }
42 silly audit report   ]
42 silly audit report }
43 silly packumentCache corgi:https://registry.npmjs.org/qs cache-miss
44 http fetch GET 200 https://registry.npmjs.org/node-addon-api/-/node-addon-api-8.9.2.tgz 419ms (cache miss)
45 http fetch GET 200 https://registry.npmjs.org/qs 134ms (cache miss)
46 silly packumentCache corgi:https://registry.npmjs.org/qs set size:undefined disposed:false
47 silly packumentCache corgi:https://registry.npmjs.org/body-parser cache-miss
48 silly packumentCache corgi:https://registry.npmjs.org/express cache-miss
49 http fetch GET 200 https://registry.npmjs.org/body-parser 134ms (cache miss)
50 silly packumentCache corgi:https://registry.npmjs.org/body-parser set size:undefined disposed:false
51 http fetch GET 200 https://registry.npmjs.org/express 213ms (cache miss)
52 silly packumentCache corgi:https://registry.npmjs.org/express set size:undefined disposed:false
53 http fetch GET 200 https://registry.npmjs.org/bcrypt/-/bcrypt-6.0.0.tgz 817ms (cache miss)
54 info run bcrypt@6.0.0 install node_modules/bcrypt node-gyp-build
55 info run bcrypt@6.0.0 install { code: 0, signal: null }
56 silly ADD node_modules/node-gyp-build
57 silly ADD node_modules/node-addon-api
58 silly ADD node_modules/bcrypt
59 silly ADD
60 verbose cwd E:\grocery-delivery\backend
61 verbose os Windows_NT 10.0.26200
62 verbose node v22.14.0
63 verbose npm  v10.9.2
64 verbose exit 0
65 info ok
