0 verbose cli C:\Program Files\nodejs\node.exe C:\Program Files\nodejs\node_modules\npm\bin\npm-cli.js
1 info using npm@10.9.2
2 info using node@v22.14.0
3 silly config load:file:C:\Program Files\nodejs\node_modules\npm\npmrc
4 silly config load:file:E:\grocery-delivery\backend\.npmrc
5 silly config load:file:C:\Users\HP\.npmrc
6 silly config load:file:E:\grocery-delivery\backend\.npm-global\etc\npmrc
7 verbose title npm install nodemon
8 verbose argv "install" "--save-dev" "nodemon"
9 verbose logfile logs-max:10 dir:E:\grocery-delivery\backend\.npm-cache\_logs\2026-08-30T10_54_18_937Z-
10 verbose logfile E:\grocery-delivery\backend\.npm-cache\_logs\2026-08-30T10_54_18_937Z-debug-0.log
11 silly logfile done cleaning log files
12 silly packumentCache heap:2197815296 maxSize:549453824 maxEntrySize:274726912
13 silly idealTree buildDeps
14 silly fetch manifest nodemon@^3.1.4
15 silly packumentCache full:https://registry.npmjs.org/nodemon cache-miss
16 http cache https://registry.npmjs.org/nodemon 27ms (cache hit)
17 silly packumentCache full:https://registry.npmjs.org/nodemon set size:661805 disposed:false
18 silly placeDep ROOT nodemon@3.1.14 REPLACE for: mf-dari-grocery-backend@1.0.0 want: ^3.1.4
19 silly reify moves {}
20 silly audit bulk request {
20 silly audit   '@mongodb-js/saslprep': [ '1.5.0' ],
20 silly audit   '@types/webidl-conversions': [ '7.0.3' ],
20 silly audit   '@types/whatwg-url': [ '11.0.5' ],
20 silly audit   accepts: [ '1.3.8' ],
20 silly audit   anymatch: [ '3.1.3' ],
20 silly audit   'array-flatten': [ '1.1.1' ],
20 silly audit   'balanced-match': [ '4.0.4' ],
20 silly audit   'binary-extensions': [ '2.3.0' ],
20 silly audit   'body-parser': [ '1.20.6' ],
20 silly audit   'brace-expansion': [ '5.0.9' ],
20 silly audit   braces: [ '3.0.3' ],
20 silly audit   bson: [ '6.10.4' ],
20 silly audit   bytes: [ '3.1.2' ],
20 silly audit   'call-bind-apply-helpers': [ '1.0.2' ],
20 silly audit   'call-bound': [ '1.0.4' ],
20 silly audit   chokidar: [ '3.6.0' ],
20 silly audit   'content-disposition': [ '0.5.4' ],
20 silly audit   'content-type': [ '1.0.5' ],
20 silly audit   cookie: [ '0.7.2' ],
20 silly audit   'cookie-signature': [ '1.0.7' ],
20 silly audit   cors: [ '2.8.6' ],
20 silly audit   debug: [ '2.6.9', '4.4.3' ],
20 silly audit   depd: [ '2.0.0' ],
20 silly audit   destroy: [ '1.2.0' ],
20 silly audit   dotenv: [ '16.6.1' ],
20 silly audit   'dunder-proto': [ '1.0.1' ],
20 silly audit   'ee-first': [ '1.1.1' ],
20 silly audit   encodeurl: [ '2.0.0' ],
20 silly audit   'es-define-property': [ '1.0.1' ],
20 silly audit   'es-errors': [ '1.3.0' ],
20 silly audit   'es-object-atoms': [ '1.1.2' ],
20 silly audit   'escape-html': [ '1.0.3' ],
20 silly audit   etag: [ '1.8.1' ],
20 silly audit   express: [ '4.22.2' ],
20 silly audit   'fill-range': [ '7.1.1' ],
20 silly audit   finalhandler: [ '1.3.2' ],
20 silly audit   forwarded: [ '0.2.0' ],
20 silly audit   fresh: [ '0.5.2' ],
20 silly audit   fsevents: [ '2.3.3' ],
20 silly audit   'function-bind': [ '1.1.2' ],
20 silly audit   'get-intrinsic': [ '1.3.0' ],
20 silly audit   'get-proto': [ '1.0.1' ],
20 silly audit   'glob-parent': [ '5.1.2' ],
20 silly audit   gopd: [ '1.2.0' ],
20 silly audit   'has-flag': [ '3.0.0' ],
20 silly audit   'has-symbols': [ '1.1.0' ],
20 silly audit   hasown: [ '2.0.4' ],
20 silly audit   'http-errors': [ '2.0.1' ],
20 silly audit   'iconv-lite': [ '0.4.24' ],
20 silly audit   'ignore-by-default': [ '1.0.1' ],
20 silly audit   inherits: [ '2.0.4' ],
20 silly audit   'ipaddr.js': [ '1.9.1' ],
20 silly audit   'is-binary-path': [ '2.1.0' ],
20 silly audit   'is-extglob': [ '2.1.1' ],
20 silly audit   'is-glob': [ '4.0.3' ],
20 silly audit   'is-number': [ '7.0.0' ],
20 silly audit   kareem: [ '2.6.3' ],
20 silly audit   'math-intrinsics': [ '1.1.0' ],
20 silly audit   'media-typer': [ '0.3.0' ],
20 silly audit   'memory-pager': [ '1.5.0' ],
20 silly audit   'merge-descriptors': [ '1.0.3' ],
20 silly audit   methods: [ '1.1.2' ],
20 silly audit   mime: [ '1.6.0' ],
20 silly audit   'mime-db': [ '1.52.0' ],
20 silly audit   'mime-types': [ '2.1.35' ],
20 silly audit   minimatch: [ '10.2.6' ],
20 silly audit   mongodb: [ '6.20.0' ],
20 silly audit   'mongodb-connection-string-url': [ '3.0.2' ],
20 silly audit   mongoose: [ '8.24.4' ],
20 silly audit   ms: [ '2.1.3', '2.0.0' ],
20 silly audit   mpath: [ '0.9.0' ],
20 silly audit   mquery: [ '5.0.0' ],
20 silly audit   negotiator: [ '0.6.3' ],
20 silly audit   'normalize-path': [ '3.0.0' ],
20 silly audit   'object-assign': [ '4.1.1' ],
20 silly audit   'object-inspect': [ '1.13.4' ],
20 silly audit   'on-finished': [ '2.4.1' ],
20 silly audit   parseurl: [ '1.3.3' ],
20 silly audit   'path-to-regexp': [ '0.1.13' ],
20 silly audit   picomatch: [ '2.3.2' ],
20 silly audit   'proxy-addr': [ '2.0.7' ],
20 silly audit   'pstree.remy': [ '1.1.8' ],
20 silly audit   punycode: [ '2.3.1' ],
20 silly audit   qs: [ '6.15.3' ],
20 silly audit   'range-parser': [ '1.2.1' ],
20 silly audit   'raw-body': [ '2.5.3' ],
20 silly audit   readdirp: [ '3.6.0' ],
20 silly audit   'safe-buffer': [ '5.2.1' ],
20 silly audit   'safer-buffer': [ '2.1.2' ],
20 silly audit   semver: [ '7.8.5' ],
20 silly audit   send: [ '0.19.2' ],
20 silly audit   'serve-static': [ '1.16.3' ],
20 silly audit   setprototypeof: [ '1.2.0' ],
20 silly audit   'side-channel': [ '1.1.1' ],
20 silly audit   'side-channel-list': [ '1.0.1' ],
20 silly audit   'side-channel-map': [ '1.0.1' ],
20 silly audit   'side-channel-weakmap': [ '1.0.2' ],
20 silly audit   sift: [ '17.1.3' ],
20 silly audit   'simple-update-notifier': [ '2.0.0' ],
20 silly audit   'sparse-bitfield': [ '3.0.3' ],
20 silly audit   statuses: [ '2.0.2' ],
20 silly audit   'supports-color': [ '5.5.0' ],
20 silly audit   'to-regex-range': [ '5.0.1' ],
20 silly audit   toidentifier: [ '1.0.1' ],
20 silly audit   touch: [ '3.1.1' ],
20 silly audit   tr46: [ '5.1.1' ],
20 silly audit   'type-is': [ '1.6.18' ],
20 silly audit   undefsafe: [ '2.0.5' ],
20 silly audit   unpipe: [ '1.0.0' ],
20 silly audit   'utils-merge': [ '1.0.1' ],
20 silly audit   vary: [ '1.1.2' ],
20 silly audit   'webidl-conversions': [ '7.0.0' ],
20 silly audit   'whatwg-url': [ '14.2.0' ],
20 silly audit   nodemon: [ '3.1.14' ]
20 silly audit }
21 verbose reify failed optional dependency E:\grocery-delivery\backend\node_modules\fsevents
22 silly reify mark deleted [ 'E:\\grocery-delivery\\backend\\node_modules\\fsevents' ]
23 http fetch POST 200 https://registry.npmjs.org/-/npm/v1/security/advisories/bulk 551ms
24 silly audit report {}
25 silly ADD
26 verbose cwd E:\grocery-delivery\backend
27 verbose os Windows_NT 10.0.26200
28 verbose node v22.14.0
29 verbose npm  v10.9.2
30 verbose exit 0
31 info ok
