0 verbose cli C:\Program Files\nodejs\node.exe C:\Program Files\nodejs\node_modules\npm\bin\npm-cli.js
1 info using npm@10.9.2
2 info using node@v22.14.0
3 silly config load:file:C:\Program Files\nodejs\node_modules\npm\npmrc
4 silly config load:file:E:\grocery-delivery\backend\.npmrc
5 silly config load:file:C:\Users\HP\.npmrc
6 silly config load:file:E:\grocery-delivery\backend\.npm-global\etc\npmrc
7 verbose title npm install express mongoose cors dotenv
8 verbose argv "install" "express" "mongoose" "cors" "dotenv"
9 verbose logfile logs-max:10 dir:E:\grocery-delivery\backend\.npm-cache\_logs\2026-08-30T10_54_03_825Z-
10 verbose logfile E:\grocery-delivery\backend\.npm-cache\_logs\2026-08-30T10_54_03_825Z-debug-0.log
11 silly logfile done cleaning log files
12 silly packumentCache heap:2197815296 maxSize:549453824 maxEntrySize:274726912
13 silly idealTree buildDeps
14 silly fetch manifest cors@^2.8.5
15 silly packumentCache full:https://registry.npmjs.org/cors cache-miss
16 http cache https://registry.npmjs.org/cors 28ms (cache hit)
17 silly packumentCache full:https://registry.npmjs.org/cors set size:77956 disposed:false
18 silly fetch manifest dotenv@^16.4.5
19 silly packumentCache full:https://registry.npmjs.org/dotenv cache-miss
20 http cache https://registry.npmjs.org/dotenv 11ms (cache hit)
21 silly packumentCache full:https://registry.npmjs.org/dotenv set size:277821 disposed:false
22 silly fetch manifest express@^4.19.2
23 silly packumentCache full:https://registry.npmjs.org/express cache-miss
24 http cache https://registry.npmjs.org/express 11ms (cache hit)
25 silly packumentCache full:https://registry.npmjs.org/express set size:804975 disposed:false
26 silly fetch manifest mongoose@^8.5.2
27 silly packumentCache full:https://registry.npmjs.org/mongoose cache-miss
28 http cache https://registry.npmjs.org/mongoose 19ms (cache hit)
29 silly packumentCache full:https://registry.npmjs.org/mongoose set size:4327228 disposed:false
30 silly placeDep ROOT cors@2.8.6 REPLACE for: mf-dari-grocery-backend@1.0.0 want: ^2.8.5
31 silly placeDep ROOT dotenv@16.6.1 REPLACE for: mf-dari-grocery-backend@1.0.0 want: ^16.4.5
32 silly placeDep ROOT express@4.22.2 REPLACE for: mf-dari-grocery-backend@1.0.0 want: ^4.19.2
33 silly placeDep ROOT mongoose@8.24.4 REPLACE for: mf-dari-grocery-backend@1.0.0 want: ^8.5.2
34 silly reify moves {}
35 silly audit bulk request {
35 silly audit   '@mongodb-js/saslprep': [ '1.5.0' ],
35 silly audit   '@types/webidl-conversions': [ '7.0.3' ],
35 silly audit   '@types/whatwg-url': [ '11.0.5' ],
35 silly audit   accepts: [ '1.3.8' ],
35 silly audit   anymatch: [ '3.1.3' ],
35 silly audit   'array-flatten': [ '1.1.1' ],
35 silly audit   'balanced-match': [ '4.0.4' ],
35 silly audit   'binary-extensions': [ '2.3.0' ],
35 silly audit   'body-parser': [ '1.20.6' ],
35 silly audit   'brace-expansion': [ '5.0.9' ],
35 silly audit   braces: [ '3.0.3' ],
35 silly audit   bson: [ '6.10.4' ],
35 silly audit   bytes: [ '3.1.2' ],
35 silly audit   'call-bind-apply-helpers': [ '1.0.2' ],
35 silly audit   'call-bound': [ '1.0.4' ],
35 silly audit   chokidar: [ '3.6.0' ],
35 silly audit   'content-disposition': [ '0.5.4' ],
35 silly audit   'content-type': [ '1.0.5' ],
35 silly audit   cookie: [ '0.7.2' ],
35 silly audit   'cookie-signature': [ '1.0.7' ],
35 silly audit   debug: [ '2.6.9', '4.4.3' ],
35 silly audit   depd: [ '2.0.0' ],
35 silly audit   destroy: [ '1.2.0' ],
35 silly audit   'dunder-proto': [ '1.0.1' ],
35 silly audit   'ee-first': [ '1.1.1' ],
35 silly audit   encodeurl: [ '2.0.0' ],
35 silly audit   'es-define-property': [ '1.0.1' ],
35 silly audit   'es-errors': [ '1.3.0' ],
35 silly audit   'es-object-atoms': [ '1.1.2' ],
35 silly audit   'escape-html': [ '1.0.3' ],
35 silly audit   etag: [ '1.8.1' ],
35 silly audit   'fill-range': [ '7.1.1' ],
35 silly audit   finalhandler: [ '1.3.2' ],
35 silly audit   forwarded: [ '0.2.0' ],
35 silly audit   fresh: [ '0.5.2' ],
35 silly audit   fsevents: [ '2.3.3' ],
35 silly audit   'function-bind': [ '1.1.2' ],
35 silly audit   'get-intrinsic': [ '1.3.0' ],
35 silly audit   'get-proto': [ '1.0.1' ],
35 silly audit   'glob-parent': [ '5.1.2' ],
35 silly audit   gopd: [ '1.2.0' ],
35 silly audit   'has-flag': [ '3.0.0' ],
35 silly audit   'has-symbols': [ '1.1.0' ],
35 silly audit   hasown: [ '2.0.4' ],
35 silly audit   'http-errors': [ '2.0.1' ],
35 silly audit   'iconv-lite': [ '0.4.24' ],
35 silly audit   'ignore-by-default': [ '1.0.1' ],
35 silly audit   inherits: [ '2.0.4' ],
35 silly audit   'ipaddr.js': [ '1.9.1' ],
35 silly audit   'is-binary-path': [ '2.1.0' ],
35 silly audit   'is-extglob': [ '2.1.1' ],
35 silly audit   'is-glob': [ '4.0.3' ],
35 silly audit   'is-number': [ '7.0.0' ],
35 silly audit   kareem: [ '2.6.3' ],
35 silly audit   'math-intrinsics': [ '1.1.0' ],
35 silly audit   'media-typer': [ '0.3.0' ],
35 silly audit   'memory-pager': [ '1.5.0' ],
35 silly audit   'merge-descriptors': [ '1.0.3' ],
35 silly audit   methods: [ '1.1.2' ],
35 silly audit   mime: [ '1.6.0' ],
35 silly audit   'mime-db': [ '1.52.0' ],
35 silly audit   'mime-types': [ '2.1.35' ],
35 silly audit   minimatch: [ '10.2.6' ],
35 silly audit   mongodb: [ '6.20.0' ],
35 silly audit   'mongodb-connection-string-url': [ '3.0.2' ],
35 silly audit   ms: [ '2.1.3', '2.0.0' ],
35 silly audit   mpath: [ '0.9.0' ],
35 silly audit   mquery: [ '5.0.0' ],
35 silly audit   negotiator: [ '0.6.3' ],
35 silly audit   nodemon: [ '3.1.14' ],
35 silly audit   'normalize-path': [ '3.0.0' ],
35 silly audit   'object-assign': [ '4.1.1' ],
35 silly audit   'object-inspect': [ '1.13.4' ],
35 silly audit   'on-finished': [ '2.4.1' ],
35 silly audit   parseurl: [ '1.3.3' ],
35 silly audit   'path-to-regexp': [ '0.1.13' ],
35 silly audit   picomatch: [ '2.3.2' ],
35 silly audit   'proxy-addr': [ '2.0.7' ],
35 silly audit   'pstree.remy': [ '1.1.8' ],
35 silly audit   punycode: [ '2.3.1' ],
35 silly audit   qs: [ '6.15.3' ],
35 silly audit   'range-parser': [ '1.2.1' ],
35 silly audit   'raw-body': [ '2.5.3' ],
35 silly audit   readdirp: [ '3.6.0' ],
35 silly audit   'safe-buffer': [ '5.2.1' ],
35 silly audit   'safer-buffer': [ '2.1.2' ],
35 silly audit   semver: [ '7.8.5' ],
35 silly audit   send: [ '0.19.2' ],
35 silly audit   'serve-static': [ '1.16.3' ],
35 silly audit   setprototypeof: [ '1.2.0' ],
35 silly audit   'side-channel': [ '1.1.1' ],
35 silly audit   'side-channel-list': [ '1.0.1' ],
35 silly audit   'side-channel-map': [ '1.0.1' ],
35 silly audit   'side-channel-weakmap': [ '1.0.2' ],
35 silly audit   sift: [ '17.1.3' ],
35 silly audit   'simple-update-notifier': [ '2.0.0' ],
35 silly audit   'sparse-bitfield': [ '3.0.3' ],
35 silly audit   statuses: [ '2.0.2' ],
35 silly audit   'supports-color': [ '5.5.0' ],
35 silly audit   'to-regex-range': [ '5.0.1' ],
35 silly audit   toidentifier: [ '1.0.1' ],
35 silly audit   touch: [ '3.1.1' ],
35 silly audit   tr46: [ '5.1.1' ],
35 silly audit   'type-is': [ '1.6.18' ],
35 silly audit   undefsafe: [ '2.0.5' ],
35 silly audit   unpipe: [ '1.0.0' ],
35 silly audit   'utils-merge': [ '1.0.1' ],
35 silly audit   vary: [ '1.1.2' ],
35 silly audit   'webidl-conversions': [ '7.0.0' ],
35 silly audit   'whatwg-url': [ '14.2.0' ],
35 silly audit   cors: [ '2.8.6' ],
35 silly audit   dotenv: [ '16.6.1' ],
35 silly audit   express: [ '4.22.2' ],
35 silly audit   mongoose: [ '8.24.4' ]
35 silly audit }
36 verbose reify failed optional dependency E:\grocery-delivery\backend\node_modules\fsevents
37 silly reify mark deleted [ 'E:\\grocery-delivery\\backend\\node_modules\\fsevents' ]
38 http fetch POST 200 https://registry.npmjs.org/-/npm/v1/security/advisories/bulk 615ms
39 silly audit report {}
40 silly ADD
41 verbose cwd E:\grocery-delivery\backend
42 verbose os Windows_NT 10.0.26200
43 verbose node v22.14.0
44 verbose npm  v10.9.2
45 verbose exit 0
46 info ok
