0 verbose cli C:\Program Files\nodejs\node.exe C:\Program Files\nodejs\node_modules\npm\bin\npm-cli.js
1 info using npm@10.9.2
2 info using node@v22.14.0
3 silly config load:file:C:\Program Files\nodejs\node_modules\npm\npmrc
4 silly config load:file:e:\grocery-delivery\backend\.npmrc
5 silly config load:file:C:\Users\HP\.npmrc
0 verbose cli C:\Program Files\nodejs\node.exe C:\Program Files\nodejs\node_modules\npm\bin\npm-cli.js
6 silly config load:file:E:\grocery-delivery\backend\.npm-global\etc\npmrc
7 verbose title npm view mongoose description dist-tags.latest homepage version time
1 info using npm@10.9.2
8 verbose argv "view" "--json" "--" "mongoose" "description" "dist-tags.latest" "homepage" "version" "time"
2 info using node@v22.14.0
3 silly config load:file:C:\Program Files\nodejs\node_modules\npm\npmrc
4 silly config load:file:e:\grocery-delivery\backend\.npmrc
9 verbose logfile logs-max:10 dir:E:\grocery-delivery\backend\.npm-cache\_logs\2026-08-31T06_27_26_585Z-
5 silly config load:file:C:\Users\HP\.npmrc
6 silly config load:file:E:\grocery-delivery\backend\.npm-global\etc\npmrc
7 verbose title npm ls mongoose
8 verbose argv "ls" "--json" "--depth" "0" "--" "mongoose"
10 verbose logfile E:\grocery-delivery\backend\.npm-cache\_logs\2026-08-31T06_27_26_585Z-debug-0.log
9 verbose logfile logs-max:10 dir:E:\grocery-delivery\backend\.npm-cache\_logs\2026-08-31T06_27_26_585Z-
10 verbose logfile E:\grocery-delivery\backend\.npm-cache\_logs\2026-08-31T06_27_26_585Z-debug-0.log
11 silly logfile done cleaning log files
11 silly logfile done cleaning log files
12 silly packumentCache heap:2197815296 maxSize:549453824 maxEntrySize:274726912
12 http fetch GET 200 https://registry.npmjs.org/mongoose 354ms (cache revalidated)
13 verbose cwd e:\grocery-delivery\backend
14 verbose os Windows_NT 10.0.26200
15 verbose node v22.14.0
16 verbose npm  v10.9.2
17 verbose exit 0
18 info ok
13 verbose cwd e:\grocery-delivery\backend
14 verbose os Windows_NT 10.0.26200
15 verbose node v22.14.0
16 verbose npm  v10.9.2
17 verbose exit 0
18 info ok
