0 verbose cli C:\Program Files\nodejs\node.exe C:\Program Files\nodejs\node_modules\npm\bin\npm-cli.js
1 info using npm@10.9.2
2 info using node@v22.14.0
3 silly config load:file:C:\Program Files\nodejs\node_modules\npm\npmrc
4 silly config load:file:E:\grocery-delivery\backend\.npmrc
5 silly config load:file:C:\Users\HP\.npmrc
6 silly config load:file:E:\grocery-delivery\backend\.npm-global\etc\npmrc
7 verbose title npm install socket.io
8 verbose argv "install" "socket.io"
9 verbose logfile logs-max:10 dir:E:\grocery-delivery\backend\.npm-cache\_logs\2026-08-30T10_54_44_287Z-
10 verbose logfile E:\grocery-delivery\backend\.npm-cache\_logs\2026-08-30T10_54_44_287Z-debug-0.log
11 silly logfile done cleaning log files
12 silly packumentCache heap:2197815296 maxSize:549453824 maxEntrySize:274726912
13 silly idealTree buildDeps
14 silly fetch manifest socket.io@*
15 silly packumentCache full:https://registry.npmjs.org/socket.io cache-miss
16 http fetch GET 200 https://registry.npmjs.org/socket.io 433ms (cache miss)
17 silly packumentCache full:https://registry.npmjs.org/socket.io set size:undefined disposed:false
18 silly placeDep ROOT socket.io@4.8.3 OK for: mf-dari-grocery-backend@1.0.0 want: *
19 silly fetch manifest base64id@~2.0.0
20 silly packumentCache full:https://registry.npmjs.org/base64id cache-miss
21 silly fetch manifest debug@~4.4.1
22 silly packumentCache full:https://registry.npmjs.org/debug cache-miss
23 silly fetch manifest engine.io@~6.6.0
24 silly packumentCache full:https://registry.npmjs.org/engine.io cache-miss
25 silly fetch manifest socket.io-adapter@~2.5.2
26 silly packumentCache full:https://registry.npmjs.org/socket.io-adapter cache-miss
27 silly fetch manifest socket.io-parser@~4.2.4
28 silly packumentCache full:https://registry.npmjs.org/socket.io-parser cache-miss
29 http cache https://registry.npmjs.org/debug 30ms (cache hit)
30 silly packumentCache full:https://registry.npmjs.org/debug set size:195840 disposed:false
31 http fetch GET 200 https://registry.npmjs.org/base64id 83ms (cache miss)
32 silly packumentCache full:https://registry.npmjs.org/base64id set size:undefined disposed:false
33 http fetch GET 200 https://registry.npmjs.org/socket.io-parser 243ms (cache miss)
34 silly packumentCache full:https://registry.npmjs.org/socket.io-parser set size:undefined disposed:false
35 http fetch GET 200 https://registry.npmjs.org/socket.io-adapter 251ms (cache miss)
36 silly packumentCache full:https://registry.npmjs.org/socket.io-adapter set size:undefined disposed:false
37 http fetch GET 200 https://registry.npmjs.org/engine.io 496ms (cache miss)
38 silly packumentCache full:https://registry.npmjs.org/engine.io set size:undefined disposed:false
39 silly placeDep ROOT base64id@2.0.0 OK for: socket.io@4.8.3 want: ~2.0.0
40 silly placeDep node_modules/socket.io debug@4.4.3 OK for: socket.io@4.8.3 want: ~4.4.1
41 silly placeDep ROOT engine.io@6.6.9 OK for: socket.io@4.8.3 want: ~6.6.0
42 silly placeDep ROOT socket.io-adapter@2.5.8 OK for: socket.io@4.8.3 want: ~2.5.2
43 silly placeDep ROOT socket.io-parser@4.2.7 OK for: socket.io@4.8.3 want: ~4.2.4
44 silly fetch manifest ms@^2.1.3
45 silly packumentCache full:https://registry.npmjs.org/ms cache-miss
46 silly fetch manifest ws@~8.21.0
47 silly packumentCache full:https://registry.npmjs.org/ws cache-miss
48 silly fetch manifest @types/ws@^8.5.12
49 silly packumentCache full:https://registry.npmjs.org/@types%2fws cache-miss
50 silly fetch manifest @types/cors@^2.8.12
51 silly packumentCache full:https://registry.npmjs.org/@types%2fcors cache-miss
52 silly fetch manifest @types/node@>=10.0.0
53 silly packumentCache full:https://registry.npmjs.org/@types%2fnode cache-miss
54 silly fetch manifest engine.io-parser@~5.2.1
55 silly packumentCache full:https://registry.npmjs.org/engine.io-parser cache-miss
56 silly fetch manifest ws@~8.21.0
57 silly packumentCache full:https://registry.npmjs.org/ws cache-miss
58 silly fetch manifest @socket.io/component-emitter@~3.1.0
59 silly packumentCache full:https://registry.npmjs.org/@socket.io%2fcomponent-emitter cache-miss
60 http cache https://registry.npmjs.org/ms 22ms (cache hit)
61 silly packumentCache full:https://registry.npmjs.org/ms set size:92208 disposed:false
62 http fetch GET 200 https://registry.npmjs.org/@types%2fcors 138ms (cache miss)
63 silly packumentCache full:https://registry.npmjs.org/@types%2fcors set size:undefined disposed:false
64 http fetch GET 200 https://registry.npmjs.org/@types%2fws 143ms (cache miss)
65 silly packumentCache full:https://registry.npmjs.org/@types%2fws set size:undefined disposed:false
66 http fetch GET 200 https://registry.npmjs.org/ws 150ms (cache miss)
67 silly packumentCache full:https://registry.npmjs.org/ws set size:undefined disposed:false
68 http fetch GET 200 https://registry.npmjs.org/engine.io-parser 261ms (cache miss)
69 silly packumentCache full:https://registry.npmjs.org/engine.io-parser set size:undefined disposed:false
70 http fetch GET 200 https://registry.npmjs.org/ws 318ms (cache miss)
71 silly packumentCache full:https://registry.npmjs.org/ws set size:undefined disposed:false
72 http fetch GET 200 https://registry.npmjs.org/@socket.io%2fcomponent-emitter 437ms (cache miss)
73 silly packumentCache full:https://registry.npmjs.org/@socket.io%2fcomponent-emitter set size:undefined disposed:false
74 http fetch GET 200 https://registry.npmjs.org/@types%2fnode 459ms (cache miss)
75 silly packumentCache full:https://registry.npmjs.org/@types%2fnode set size:undefined disposed:false
76 silly fetch manifest bufferutil@^4.0.1
77 silly packumentCache full:https://registry.npmjs.org/bufferutil cache-miss
78 http fetch GET 200 https://registry.npmjs.org/bufferutil 312ms (cache miss)
79 silly packumentCache full:https://registry.npmjs.org/bufferutil set size:undefined disposed:false
80 silly fetch manifest utf-8-validate@>=5.0.2
81 silly packumentCache full:https://registry.npmjs.org/utf-8-validate cache-miss
82 http fetch GET 200 https://registry.npmjs.org/utf-8-validate 105ms (cache miss)
83 silly packumentCache full:https://registry.npmjs.org/utf-8-validate set size:undefined disposed:false
84 silly placeDep ROOT @types/cors@2.8.19 OK for: engine.io@6.6.9 want: ^2.8.12
85 silly placeDep ROOT @types/node@26.4.0 OK for: engine.io@6.6.9 want: >=10.0.0
86 silly placeDep ROOT @types/ws@8.18.1 OK for: engine.io@6.6.9 want: ^8.5.12
87 silly placeDep node_modules/engine.io debug@4.4.3 OK for: engine.io@6.6.9 want: ~4.4.1
88 silly placeDep ROOT engine.io-parser@5.2.3 OK for: engine.io@6.6.9 want: ~5.2.1
89 silly placeDep ROOT ws@8.21.3 OK for: engine.io@6.6.9 want: ~8.21.0
90 silly fetch manifest @types/node@*
91 silly packumentCache full:https://registry.npmjs.org/@types%2fnode cache-miss
92 silly fetch manifest undici-types@~8.3.0
93 silly packumentCache full:https://registry.npmjs.org/undici-types cache-miss
94 http cache https://registry.npmjs.org/@types%2fnode 59ms (cache hit)
95 silly packumentCache full:https://registry.npmjs.org/@types%2fnode set size:11096266 disposed:false
96 http fetch GET 200 https://registry.npmjs.org/undici-types 251ms (cache miss)
97 silly packumentCache full:https://registry.npmjs.org/undici-types set size:undefined disposed:false
98 silly placeDep ROOT undici-types@8.3.0 OK for: @types/node@26.4.0 want: ~8.3.0
99 silly placeDep node_modules/socket.io-adapter debug@4.4.3 OK for: socket.io-adapter@2.5.8 want: ~4.4.1
100 silly placeDep ROOT @socket.io/component-emitter@3.1.2 OK for: socket.io-parser@4.2.7 want: ~3.1.0
101 silly placeDep node_modules/socket.io-parser debug@4.4.3 OK for: socket.io-parser@4.2.7 want: ~4.4.1
102 silly placeDep node_modules/engine.io ms@2.1.3 OK for: debug@4.4.3 want: ^2.1.3
103 silly placeDep node_modules/socket.io-adapter ms@2.1.3 OK for: debug@4.4.3 want: ^2.1.3
104 silly placeDep node_modules/socket.io-parser ms@2.1.3 OK for: debug@4.4.3 want: ^2.1.3
105 silly placeDep node_modules/socket.io ms@2.1.3 OK for: debug@4.4.3 want: ^2.1.3
106 silly reify moves {}
107 silly audit bulk request {
107 silly audit   '@mongodb-js/saslprep': [ '1.5.0' ],
107 silly audit   '@types/webidl-conversions': [ '7.0.3' ],
107 silly audit   '@types/whatwg-url': [ '11.0.5' ],
107 silly audit   accepts: [ '1.3.8' ],
107 silly audit   anymatch: [ '3.1.3' ],
107 silly audit   'array-flatten': [ '1.1.1' ],
107 silly audit   'balanced-match': [ '4.0.4' ],
107 silly audit   'binary-extensions': [ '2.3.0' ],
107 silly audit   'body-parser': [ '1.20.6' ],
107 silly audit   'brace-expansion': [ '5.0.9' ],
107 silly audit   braces: [ '3.0.3' ],
107 silly audit   bson: [ '6.10.4' ],
107 silly audit   bytes: [ '3.1.2' ],
107 silly audit   'call-bind-apply-helpers': [ '1.0.2' ],
107 silly audit   'call-bound': [ '1.0.4' ],
107 silly audit   chokidar: [ '3.6.0' ],
107 silly audit   'content-disposition': [ '0.5.4' ],
107 silly audit   'content-type': [ '1.0.5' ],
107 silly audit   cookie: [ '0.7.2' ],
107 silly audit   'cookie-signature': [ '1.0.7' ],
107 silly audit   cors: [ '2.8.6' ],
107 silly audit   debug: [ '2.6.9', '4.4.3' ],
107 silly audit   depd: [ '2.0.0' ],
107 silly audit   destroy: [ '1.2.0' ],
107 silly audit   dotenv: [ '16.6.1' ],
107 silly audit   'dunder-proto': [ '1.0.1' ],
107 silly audit   'ee-first': [ '1.1.1' ],
107 silly audit   encodeurl: [ '2.0.0' ],
107 silly audit   'es-define-property': [ '1.0.1' ],
107 silly audit   'es-errors': [ '1.3.0' ],
107 silly audit   'es-object-atoms': [ '1.1.2' ],
107 silly audit   'escape-html': [ '1.0.3' ],
107 silly audit   etag: [ '1.8.1' ],
107 silly audit   express: [ '4.22.2' ],
107 silly audit   'fill-range': [ '7.1.1' ],
107 silly audit   finalhandler: [ '1.3.2' ],
107 silly audit   forwarded: [ '0.2.0' ],
107 silly audit   fresh: [ '0.5.2' ],
107 silly audit   fsevents: [ '2.3.3' ],
107 silly audit   'function-bind': [ '1.1.2' ],
107 silly audit   'get-intrinsic': [ '1.3.0' ],
107 silly audit   'get-proto': [ '1.0.1' ],
107 silly audit   'glob-parent': [ '5.1.2' ],
107 silly audit   gopd: [ '1.2.0' ],
107 silly audit   'has-flag': [ '3.0.0' ],
107 silly audit   'has-symbols': [ '1.1.0' ],
107 silly audit   hasown: [ '2.0.4' ],
107 silly audit   'http-errors': [ '2.0.1' ],
107 silly audit   'iconv-lite': [ '0.4.24' ],
107 silly audit   'ignore-by-default': [ '1.0.1' ],
107 silly audit   inherits: [ '2.0.4' ],
107 silly audit   'ipaddr.js': [ '1.9.1' ],
107 silly audit   'is-binary-path': [ '2.1.0' ],
107 silly audit   'is-extglob': [ '2.1.1' ],
107 silly audit   'is-glob': [ '4.0.3' ],
107 silly audit   'is-number': [ '7.0.0' ],
107 silly audit   kareem: [ '2.6.3' ],
107 silly audit   'math-intrinsics': [ '1.1.0' ],
107 silly audit   'media-typer': [ '0.3.0' ],
107 silly audit   'memory-pager': [ '1.5.0' ],
107 silly audit   'merge-descriptors': [ '1.0.3' ],
107 silly audit   methods: [ '1.1.2' ],
107 silly audit   mime: [ '1.6.0' ],
107 silly audit   'mime-db': [ '1.52.0' ],
107 silly audit   'mime-types': [ '2.1.35' ],
107 silly audit   minimatch: [ '10.2.6' ],
107 silly audit   mongodb: [ '6.20.0' ],
107 silly audit   'mongodb-connection-string-url': [ '3.0.2' ],
107 silly audit   mongoose: [ '8.24.4' ],
107 silly audit   ms: [ '2.1.3', '2.0.0' ],
107 silly audit   mpath: [ '0.9.0' ],
107 silly audit   mquery: [ '5.0.0' ],
107 silly audit   negotiator: [ '0.6.3' ],
107 silly audit   nodemon: [ '3.1.14' ],
107 silly audit   'normalize-path': [ '3.0.0' ],
107 silly audit   'object-assign': [ '4.1.1' ],
107 silly audit   'object-inspect': [ '1.13.4' ],
107 silly audit   'on-finished': [ '2.4.1' ],
107 silly audit   parseurl: [ '1.3.3' ],
107 silly audit   'path-to-regexp': [ '0.1.13' ],
107 silly audit   picomatch: [ '2.3.2' ],
107 silly audit   'proxy-addr': [ '2.0.7' ],
107 silly audit   'pstree.remy': [ '1.1.8' ],
107 silly audit   punycode: [ '2.3.1' ],
107 silly audit   qs: [ '6.15.3' ],
107 silly audit   'range-parser': [ '1.2.1' ],
107 silly audit   'raw-body': [ '2.5.3' ],
107 silly audit   readdirp: [ '3.6.0' ],
107 silly audit   'safe-buffer': [ '5.2.1' ],
107 silly audit   'safer-buffer': [ '2.1.2' ],
107 silly audit   semver: [ '7.8.5' ],
107 silly audit   send: [ '0.19.2' ],
107 silly audit   'serve-static': [ '1.16.3' ],
107 silly audit   setprototypeof: [ '1.2.0' ],
107 silly audit   'side-channel': [ '1.1.1' ],
107 silly audit   'side-channel-list': [ '1.0.1' ],
107 silly audit   'side-channel-map': [ '1.0.1' ],
107 silly audit   'side-channel-weakmap': [ '1.0.2' ],
107 silly audit   sift: [ '17.1.3' ],
107 silly audit   'simple-update-notifier': [ '2.0.0' ],
107 silly audit   'sparse-bitfield': [ '3.0.3' ],
107 silly audit   statuses: [ '2.0.2' ],
107 silly audit   'supports-color': [ '5.5.0' ],
107 silly audit   'to-regex-range': [ '5.0.1' ],
107 silly audit   toidentifier: [ '1.0.1' ],
107 silly audit   touch: [ '3.1.1' ],
107 silly audit   tr46: [ '5.1.1' ],
107 silly audit   'type-is': [ '1.6.18' ],
107 silly audit   undefsafe: [ '2.0.5' ],
107 silly audit   unpipe: [ '1.0.0' ],
107 silly audit   'utils-merge': [ '1.0.1' ],
107 silly audit   vary: [ '1.1.2' ],
107 silly audit   'webidl-conversions': [ '7.0.0' ],
107 silly audit   'whatwg-url': [ '14.2.0' ],
107 silly audit   'socket.io': [ '4.8.3' ],
107 silly audit   base64id: [ '2.0.0' ],
107 silly audit   'engine.io': [ '6.6.9' ],
107 silly audit   'socket.io-adapter': [ '2.5.8' ],
107 silly audit   'socket.io-parser': [ '4.2.7' ],
107 silly audit   '@types/cors': [ '2.8.19' ],
107 silly audit   '@types/node': [ '26.4.0' ],
107 silly audit   '@types/ws': [ '8.18.1' ],
107 silly audit   'engine.io-parser': [ '5.2.3' ],
107 silly audit   ws: [ '8.21.3' ],
107 silly audit   'undici-types': [ '8.3.0' ],
107 silly audit   '@socket.io/component-emitter': [ '3.1.2' ]
107 silly audit }
108 verbose reify failed optional dependency E:\grocery-delivery\backend\node_modules\fsevents
109 silly reify mark deleted [ 'E:\\grocery-delivery\\backend\\node_modules\\fsevents' ]
110 http cache undici-types@https://registry.npmjs.org/undici-types/-/undici-types-8.3.0.tgz 0ms (cache hit)
111 http cache @socket.io/component-emitter@https://registry.npmjs.org/@socket.io/component-emitter/-/component-emitter-3.1.2.tgz 0ms (cache hit)
112 http cache @types/ws@https://registry.npmjs.org/@types/ws/-/ws-8.18.1.tgz 0ms (cache hit)
113 http cache ws@https://registry.npmjs.org/ws/-/ws-8.21.3.tgz 0ms (cache hit)
114 http cache engine.io-parser@https://registry.npmjs.org/engine.io-parser/-/engine.io-parser-5.2.3.tgz 0ms (cache hit)
115 http cache @types/node@https://registry.npmjs.org/@types/node/-/node-26.4.0.tgz 0ms (cache hit)
116 http cache @types/cors@https://registry.npmjs.org/@types/cors/-/cors-2.8.19.tgz 0ms (cache hit)
117 http cache socket.io-parser@https://registry.npmjs.org/socket.io-parser/-/socket.io-parser-4.2.7.tgz 0ms (cache hit)
118 http cache ms@https://registry.npmjs.org/ms/-/ms-2.1.3.tgz 0ms (cache hit)
119 http cache engine.io@https://registry.npmjs.org/engine.io/-/engine.io-6.6.9.tgz 0ms (cache hit)
120 http cache base64id@https://registry.npmjs.org/base64id/-/base64id-2.0.0.tgz 0ms (cache hit)
121 http cache socket.io@https://registry.npmjs.org/socket.io/-/socket.io-4.8.3.tgz 0ms (cache hit)
122 http cache debug@https://registry.npmjs.org/debug/-/debug-4.4.3.tgz 0ms (cache hit)
123 http cache ms@https://registry.npmjs.org/ms/-/ms-2.1.3.tgz 0ms (cache hit)
124 http cache debug@https://registry.npmjs.org/debug/-/debug-4.4.3.tgz 0ms (cache hit)
125 http cache ms@https://registry.npmjs.org/ms/-/ms-2.1.3.tgz 0ms (cache hit)
126 http cache ms@https://registry.npmjs.org/ms/-/ms-2.1.3.tgz 0ms (cache hit)
127 http cache debug@https://registry.npmjs.org/debug/-/debug-4.4.3.tgz 0ms (cache hit)
128 silly tarball no local data for undici-types@https://registry.npmjs.org/undici-types/-/undici-types-8.3.0.tgz. Extracting by manifest.
129 silly tarball no local data for @socket.io/component-emitter@https://registry.npmjs.org/@socket.io/component-emitter/-/component-emitter-3.1.2.tgz. Extracting by manifest.
130 silly tarball no local data for @types/ws@https://registry.npmjs.org/@types/ws/-/ws-8.18.1.tgz. Extracting by manifest.
131 silly tarball no local data for ws@https://registry.npmjs.org/ws/-/ws-8.21.3.tgz. Extracting by manifest.
132 silly tarball no local data for engine.io-parser@https://registry.npmjs.org/engine.io-parser/-/engine.io-parser-5.2.3.tgz. Extracting by manifest.
133 silly tarball no local data for @types/node@https://registry.npmjs.org/@types/node/-/node-26.4.0.tgz. Extracting by manifest.
134 silly tarball no local data for @types/cors@https://registry.npmjs.org/@types/cors/-/cors-2.8.19.tgz. Extracting by manifest.
135 silly tarball no local data for socket.io-parser@https://registry.npmjs.org/socket.io-parser/-/socket.io-parser-4.2.7.tgz. Extracting by manifest.
136 silly tarball no local data for engine.io@https://registry.npmjs.org/engine.io/-/engine.io-6.6.9.tgz. Extracting by manifest.
137 silly tarball no local data for base64id@https://registry.npmjs.org/base64id/-/base64id-2.0.0.tgz. Extracting by manifest.
138 http cache socket.io-adapter@https://registry.npmjs.org/socket.io-adapter/-/socket.io-adapter-2.5.8.tgz 0ms (cache hit)
139 silly tarball no local data for socket.io@https://registry.npmjs.org/socket.io/-/socket.io-4.8.3.tgz. Extracting by manifest.
140 http cache debug@https://registry.npmjs.org/debug/-/debug-4.4.3.tgz 0ms (cache hit)
141 silly tarball no local data for socket.io-adapter@https://registry.npmjs.org/socket.io-adapter/-/socket.io-adapter-2.5.8.tgz. Extracting by manifest.
142 http fetch POST 200 https://registry.npmjs.org/-/npm/v1/security/advisories/bulk 329ms
143 silly audit report {}
144 http fetch GET 200 https://registry.npmjs.org/@types/ws/-/ws-8.18.1.tgz 356ms (cache miss)
145 http fetch GET 200 https://registry.npmjs.org/base64id/-/base64id-2.0.0.tgz 498ms (cache miss)
146 http fetch GET 200 https://registry.npmjs.org/@socket.io/component-emitter/-/component-emitter-3.1.2.tgz 508ms (cache miss)
147 http fetch GET 200 https://registry.npmjs.org/@types/cors/-/cors-2.8.19.tgz 595ms (cache miss)
148 http fetch GET 200 https://registry.npmjs.org/socket.io-adapter/-/socket.io-adapter-2.5.8.tgz 568ms (cache miss)
149 http fetch GET 200 https://registry.npmjs.org/ws/-/ws-8.21.3.tgz 699ms (cache miss)
150 http fetch GET 200 https://registry.npmjs.org/socket.io-parser/-/socket.io-parser-4.2.7.tgz 754ms (cache miss)
151 http fetch GET 200 https://registry.npmjs.org/engine.io-parser/-/engine.io-parser-5.2.3.tgz 790ms (cache miss)
152 http fetch GET 200 https://registry.npmjs.org/engine.io/-/engine.io-6.6.9.tgz 833ms (cache miss)
153 http fetch GET 200 https://registry.npmjs.org/undici-types/-/undici-types-8.3.0.tgz 852ms (cache miss)
154 http fetch GET 200 https://registry.npmjs.org/socket.io/-/socket.io-4.8.3.tgz 922ms (cache miss)
155 http fetch GET 200 https://registry.npmjs.org/@types/node/-/node-26.4.0.tgz 1280ms (cache miss)
156 silly ADD node_modules/@socket.io/component-emitter
157 silly ADD node_modules/undici-types
158 silly ADD node_modules/ws
159 silly ADD node_modules/engine.io-parser
160 silly ADD node_modules/@types/ws
161 silly ADD node_modules/@types/node
162 silly ADD node_modules/@types/cors
163 silly ADD node_modules/socket.io-parser
164 silly ADD node_modules/socket.io-parser/node_modules/ms
165 silly ADD node_modules/socket.io-parser/node_modules/debug
166 silly ADD node_modules/socket.io-adapter
167 silly ADD node_modules/socket.io-adapter/node_modules/ms
168 silly ADD node_modules/socket.io-adapter/node_modules/debug
169 silly ADD node_modules/engine.io
170 silly ADD node_modules/engine.io/node_modules/ms
171 silly ADD node_modules/engine.io/node_modules/debug
172 silly ADD node_modules/base64id
173 silly ADD node_modules/socket.io
174 silly ADD node_modules/socket.io/node_modules/ms
175 silly ADD node_modules/socket.io/node_modules/debug
176 silly ADD
177 verbose cwd E:\grocery-delivery\backend
178 verbose os Windows_NT 10.0.26200
179 verbose node v22.14.0
180 verbose npm  v10.9.2
181 verbose exit 0
182 info ok
