0 verbose cli C:\Program Files\nodejs\node.exe C:\Program Files\nodejs\node_modules\npm\bin\npm-cli.js
1 info using npm@10.9.2
2 info using node@v22.14.0
3 silly config load:file:C:\Program Files\nodejs\node_modules\npm\npmrc
4 silly config load:file:e:\grocery-delivery\backend\.npmrc
5 silly config load:file:C:\Users\HP\.npmrc
6 silly config load:file:E:\grocery-delivery\backend\.npm-global\etc\npmrc
7 verbose title npm view compression description dist-tags.latest homepage version time
8 verbose argv "view" "--json" "--" "compression" "description" "dist-tags.latest" "homepage" "version" "time"
9 verbose logfile logs-max:10 dir:E:\grocery-delivery\backend\.npm-cache\_logs\2026-09-01T08_13_14_624Z-
10 verbose logfile E:\grocery-delivery\backend\.npm-cache\_logs\2026-09-01T08_13_14_624Z-debug-0.log
11 silly logfile start cleaning logs, removing 2 files
12 silly logfile done cleaning log files
13 http fetch GET 200 https://registry.npmjs.org/compression 658ms (cache revalidated)
14 verbose cwd e:\grocery-delivery\backend
15 verbose os Windows_NT 10.0.26200
16 verbose node v22.14.0
17 verbose npm  v10.9.2
18 verbose exit 0
19 info ok
